// Vitest Snapshot v1

exports[`Page test > Page load 1`] = `
<div>
  <div
    class="_pageBackground_c84215 flex justify-center items-start pt-10 lg:mx-32"
  >
    <div
      class="hidden lg:flex flex flex-col items-center bg-slate-300/75 h-full rounded md:p-4 md:mt-16"
    >
      <div>
        <input
          class="p-2 border-2 rounded border-amber-500 w-48 mt-4 md:h-8 md:w-56"
          defaultvalue=""
          id="name"
          name="name"
          placeholder="Filter by name"
          type="text"
        />
      </div>
      <div
        class="flex flex-wrap w-44 p-2 mt-2 justify-center"
      >
        <button
          class="flex justify-around items-center bg-amber-700 border border-amber-200 rounded basis-9 m-[2px]"
          id="anemo"
          name="elementFilter"
          type="button"
        >
           
          <img
            alt="anemo"
            class="w-9 h-9"
            src="images/elements/anemo/icon.png"
          />
        </button>
        <button
          class="flex justify-around items-center bg-amber-700 border border-amber-200 rounded basis-9 m-[2px]"
          id="cryo"
          name="elementFilter"
          type="button"
        >
           
          <img
            alt="cryo"
            class="w-9 h-9"
            src="images/elements/cryo/icon.png"
          />
        </button>
        <button
          class="flex justify-around items-center bg-amber-700 border border-amber-200 rounded basis-9 m-[2px]"
          id="dendro"
          name="elementFilter"
          type="button"
        >
           
          <img
            alt="dendro"
            class="w-9 h-9"
            src="images/elements/dendro/icon.png"
          />
        </button>
        <button
          class="flex justify-around items-center bg-amber-700 border border-amber-200 rounded basis-9 m-[2px]"
          id="electro"
          name="elementFilter"
          type="button"
        >
           
          <img
            alt="electro"
            class="w-9 h-9"
            src="images/elements/electro/icon.png"
          />
        </button>
        <button
          class="flex justify-around items-center bg-amber-700 border border-amber-200 rounded basis-9 m-[2px]"
          id="geo"
          name="elementFilter"
          type="button"
        >
           
          <img
            alt="geo"
            class="w-9 h-9"
            src="images/elements/geo/icon.png"
          />
        </button>
        <button
          class="flex justify-around items-center bg-amber-700 border border-amber-200 rounded basis-9 m-[2px]"
          id="hydro"
          name="elementFilter"
          type="button"
        >
           
          <img
            alt="hydro"
            class="w-9 h-9"
            src="images/elements/hydro/icon.png"
          />
        </button>
        <button
          class="flex justify-around items-center bg-amber-700 border border-amber-200 rounded basis-9 m-[2px]"
          id="pyro"
          name="elementFilter"
          type="button"
        >
           
          <img
            alt="pyro"
            class="w-9 h-9"
            src="images/elements/pyro/icon.png"
          />
        </button>
      </div>
      <div
        class="m-2"
      >
        <button
          class="flex justify-around items-center bg-amber-700 border border-amber-200 rounded w-12 my-1 text-white font-bold"
          id="4"
          name="rarityFilter"
          type="button"
        >
          4
           
          <svg
            class="fill-[#f7d04d] h-4 w-4 md:h-5 md:w-5"
            viewBox="0 0 576 512"
            xmlns="http://www.w3.org/2000/svg"
          >
            <path
              d="M381.2 150.3l143.7 21.2c11.9 1.7 21.9 10.1 25.7 21.6 3.8 11.6.7 24.2-7.9 32.8L438.5 328.1l24.6 146.6c2 12-2.9 24.2-12.9 31.3-9.9 7.1-23 8-33.7 2.3l-128.4-68.5-128.3 68.5c-10.8 5.7-23.9 4.8-33.8-2.3-9.9-7.1-14.9-19.3-12.8-31.3l24.6-146.6L33.58 225.9c-8.61-8.6-11.67-21.2-7.89-32.8 3.77-11.5 13.74-19.9 25.73-21.6L195 150.3l64.4-132.33C264.7 6.954 275.9-.04 288.1-.04c12.3 0 23.5 6.994 28.8 18.01l64.3 132.33z"
            />
          </svg>
        </button>
        <button
          class="flex justify-around items-center bg-amber-700 border border-amber-200 rounded w-12 my-1 text-white font-bold"
          id="5"
          name="rarityFilter"
          type="button"
        >
          5
           
          <svg
            class="fill-[#f7d04d] h-4 w-4 md:h-5 md:w-5"
            viewBox="0 0 576 512"
            xmlns="http://www.w3.org/2000/svg"
          >
            <path
              d="M381.2 150.3l143.7 21.2c11.9 1.7 21.9 10.1 25.7 21.6 3.8 11.6.7 24.2-7.9 32.8L438.5 328.1l24.6 146.6c2 12-2.9 24.2-12.9 31.3-9.9 7.1-23 8-33.7 2.3l-128.4-68.5-128.3 68.5c-10.8 5.7-23.9 4.8-33.8-2.3-9.9-7.1-14.9-19.3-12.8-31.3l24.6-146.6L33.58 225.9c-8.61-8.6-11.67-21.2-7.89-32.8 3.77-11.5 13.74-19.9 25.73-21.6L195 150.3l64.4-132.33C264.7 6.954 275.9-.04 288.1-.04c12.3 0 23.5 6.994 28.8 18.01l64.3 132.33z"
            />
          </svg>
        </button>
      </div>
    </div>
    <div
      class="flex flex-col"
    >
      <div
        class="flex justify-between items-center pb-2 mx-4"
      >
        <div
          class="bg-amber-600 border border-amber-200 rounded p-1 mr-4 text-white font-medium lg:hidden"
        >
          <button
            type="button"
          >
            Filters
          </button>
        </div>
        <button
          class="flex items-center bg-amber-600 border border-amber-200 rounded p-1 text-white font-medium md:font-bold md:ml-auto opacity-30"
          id="versionNo"
          name="versionNo"
          type="button"
        >
           
          Sort by last appearance
        </button>
      </div>
      <ul
        class="MuiImageList-root MuiImageList-standard _scrollbar_f0ab42 overflow-x-hidden css-13nh5n-MuiImageList-root"
        style="grid-template-columns: repeat(3, 1fr); gap: 4px;"
      >
        <li
          class="MuiImageListItem-root MuiImageListItem-standard rounded border-2 border-[#ebe7df] border-solid flex group hover:scale-[1.2] hover:z-10 hover:transition-all hover:cursor-pointer bg-[#c87c24] css-ta95xa-MuiImageListItem-root"
          style="height: 156px; grid-column-end: span 1; grid-row-end: span 1;"
        >
          <span>
            <img
              alt="geo"
              class="w-8 h-8 absolute right-0"
              src="images/elements/geo/icon.png"
            />
          </span>
          <img
            alt="albedo"
            class="MuiImageListItem-img characterImage w-full h-full truncate"
            loading="lazy"
            src="images/characters/albedo/icon-big.png"
          />
          <div
            class="flex bg-[#e4c179] left-0 right-0 bottom-0 justify-between items-center h-8 px-1 py-2"
          >
            <div
              class="font-bold text-sm text-slate-600 group-hover:text-rose-600"
            >
              Albedo
            </div>
            <div
              class="font-bold text-xl text-rose-600"
            >
              4
            </div>
          </div>
        </li>
        <li
          class="MuiImageListItem-root MuiImageListItem-standard rounded border-2 border-[#ebe7df] border-solid flex group hover:scale-[1.2] hover:z-10 hover:transition-all hover:cursor-pointer bg-[#9470bb] css-ta95xa-MuiImageListItem-root"
          style="height: 156px; grid-column-end: span 1; grid-row-end: span 1;"
        >
          <span>
            <img
              alt="cryo"
              class="w-8 h-8 absolute right-0"
              src="images/elements/cryo/icon.png"
            />
          </span>
          <img
            alt="aloy"
            class="MuiImageListItem-img characterImage w-full h-full truncate"
            loading="lazy"
            src="images/characters/aloy/icon-big.png"
          />
          <div
            class="flex bg-[#e4c179] left-0 right-0 bottom-0 justify-between items-center h-8 px-1 py-2"
          >
            <div
              class="font-bold text-sm text-slate-600 group-hover:text-rose-600"
            >
              Aloy
            </div>
          </div>
        </li>
        <li
          class="MuiImageListItem-root MuiImageListItem-standard rounded border-2 border-[#ebe7df] border-solid flex group hover:scale-[1.2] hover:z-10 hover:transition-all hover:cursor-pointer bg-[#9470bb] css-ta95xa-MuiImageListItem-root"
          style="height: 156px; grid-column-end: span 1; grid-row-end: span 1;"
        >
          <span>
            <img
              alt="pyro"
              class="w-8 h-8 absolute right-0"
              src="images/elements/pyro/icon.png"
            />
          </span>
          <img
            alt="amber"
            class="MuiImageListItem-img characterImage w-full h-full truncate"
            loading="lazy"
            src="images/characters/amber/icon-big.png"
          />
          <div
            class="flex bg-[#e4c179] left-0 right-0 bottom-0 justify-between items-center h-8 px-1 py-2"
          >
            <div
              class="font-bold text-sm text-slate-600 group-hover:text-rose-600"
            >
              Amber
            </div>
          </div>
        </li>
        <li
          class="MuiImageListItem-root MuiImageListItem-standard rounded border-2 border-[#ebe7df] border-solid flex group hover:scale-[1.2] hover:z-10 hover:transition-all hover:cursor-pointer bg-[#c87c24] css-ta95xa-MuiImageListItem-root"
          style="height: 156px; grid-column-end: span 1; grid-row-end: span 1;"
        >
          <span>
            <img
              alt="geo"
              class="w-8 h-8 absolute right-0"
              src="images/elements/geo/icon.png"
            />
          </span>
          <img
            alt="arataki-itto"
            class="MuiImageListItem-img characterImage w-full h-full truncate"
            loading="lazy"
            src="images/characters/arataki-itto/icon-big.png"
          />
          <div
            class="flex bg-[#e4c179] left-0 right-0 bottom-0 justify-between items-center h-8 px-1 py-2"
          >
            <div
              class="font-bold text-sm text-slate-600 group-hover:text-rose-600"
            >
              Arataki Itto
            </div>
            <div
              class="font-bold text-xl text-lime-300"
            >
              1
            </div>
          </div>
        </li>
        <li
          class="MuiImageListItem-root MuiImageListItem-standard rounded border-2 border-[#ebe7df] border-solid flex group hover:scale-[1.2] hover:z-10 hover:transition-all hover:cursor-pointer bg-[#c87c24] css-ta95xa-MuiImageListItem-root"
          style="height: 156px; grid-column-end: span 1; grid-row-end: span 1;"
        >
          <span>
            <img
              alt="cryo"
              class="w-8 h-8 absolute right-0"
              src="images/elements/cryo/icon.png"
            />
          </span>
          <img
            alt="ayaka"
            class="MuiImageListItem-img characterImage w-full h-full truncate"
            loading="lazy"
            src="images/characters/ayaka/icon-big.png"
          />
          <div
            class="flex bg-[#e4c179] left-0 right-0 bottom-0 justify-between items-center h-8 px-1 py-2"
          >
            <div
              class="font-bold text-sm text-slate-600 group-hover:text-rose-600"
            >
              Ayaka
            </div>
            <div
              class="font-bold text-xl text-rose-900"
            >
              12
            </div>
          </div>
        </li>
        <li
          class="MuiImageListItem-root MuiImageListItem-standard rounded border-2 border-[#ebe7df] border-solid flex group hover:scale-[1.2] hover:z-10 hover:transition-all hover:cursor-pointer bg-[#c87c24] css-ta95xa-MuiImageListItem-root"
          style="height: 156px; grid-column-end: span 1; grid-row-end: span 1;"
        >
          <span>
            <img
              alt="hydro"
              class="w-8 h-8 absolute right-0"
              src="images/elements/hydro/icon.png"
            />
          </span>
          <img
            alt="ayato"
            class="MuiImageListItem-img characterImage w-full h-full truncate"
            loading="lazy"
            src="images/characters/ayato/icon-big.png"
          />
          <div
            class="flex bg-[#e4c179] left-0 right-0 bottom-0 justify-between items-center h-8 px-1 py-2"
          >
            <div
              class="font-bold text-sm text-slate-600 group-hover:text-rose-600"
            >
              Ayato
            </div>
            <div
              class="font-bold text-xl text-green-600 text-lime-300"
            >
              0
            </div>
          </div>
        </li>
        <li
          class="MuiImageListItem-root MuiImageListItem-standard rounded border-2 border-[#ebe7df] border-solid flex group hover:scale-[1.2] hover:z-10 hover:transition-all hover:cursor-pointer bg-[#9470bb] css-ta95xa-MuiImageListItem-root"
          style="height: 156px; grid-column-end: span 1; grid-row-end: span 1;"
        >
          <span>
            <img
              alt="hydro"
              class="w-8 h-8 absolute right-0"
              src="images/elements/hydro/icon.png"
            />
          </span>
          <img
            alt="barbara"
            class="MuiImageListItem-img characterImage w-full h-full truncate"
            loading="lazy"
            src="images/characters/barbara/icon-big.png"
          />
          <div
            class="flex bg-[#e4c179] left-0 right-0 bottom-0 justify-between items-center h-8 px-1 py-2"
          >
            <div
              class="font-bold text-sm text-slate-600 group-hover:text-rose-600"
            >
              Barbara
            </div>
            <div
              class="font-bold text-xl text-rose-600"
            >
              4
            </div>
          </div>
        </li>
        <li
          class="MuiImageListItem-root MuiImageListItem-standard rounded border-2 border-[#ebe7df] border-solid flex group hover:scale-[1.2] hover:z-10 hover:transition-all hover:cursor-pointer bg-[#9470bb] css-ta95xa-MuiImageListItem-root"
          style="height: 156px; grid-column-end: span 1; grid-row-end: span 1;"
        >
          <span>
            <img
              alt="electro"
              class="w-8 h-8 absolute right-0"
              src="images/elements/electro/icon.png"
            />
          </span>
          <img
            alt="beidou"
            class="MuiImageListItem-img characterImage w-full h-full truncate"
            loading="lazy"
            src="images/characters/beidou/icon-big.png"
          />
          <div
            class="flex bg-[#e4c179] left-0 right-0 bottom-0 justify-between items-center h-8 px-1 py-2"
          >
            <div
              class="font-bold text-sm text-slate-600 group-hover:text-rose-600"
            >
              Beidou
            </div>
            <div
              class="font-bold text-xl text-rose-600"
            >
              4
            </div>
          </div>
        </li>
        <li
          class="MuiImageListItem-root MuiImageListItem-standard rounded border-2 border-[#ebe7df] border-solid flex group hover:scale-[1.2] hover:z-10 hover:transition-all hover:cursor-pointer bg-[#9470bb] css-ta95xa-MuiImageListItem-root"
          style="height: 156px; grid-column-end: span 1; grid-row-end: span 1;"
        >
          <span>
            <img
              alt="pyro"
              class="w-8 h-8 absolute right-0"
              src="images/elements/pyro/icon.png"
            />
          </span>
          <img
            alt="bennett"
            class="MuiImageListItem-img characterImage w-full h-full truncate"
            loading="lazy"
            src="images/characters/bennett/icon-big.png"
          />
          <div
            class="flex bg-[#e4c179] left-0 right-0 bottom-0 justify-between items-center h-8 px-1 py-2"
          >
            <div
              class="font-bold text-sm text-slate-600 group-hover:text-rose-600"
            >
              Bennett
            </div>
            <div
              class="font-bold text-xl text-lime-300"
            >
              3
            </div>
          </div>
        </li>
        <li
          class="MuiImageListItem-root MuiImageListItem-standard rounded border-2 border-[#ebe7df] border-solid flex group hover:scale-[1.2] hover:z-10 hover:transition-all hover:cursor-pointer bg-[#9470bb] css-ta95xa-MuiImageListItem-root"
          style="height: 156px; grid-column-end: span 1; grid-row-end: span 1;"
        >
          <span>
            <img
              alt="cryo"
              class="w-8 h-8 absolute right-0"
              src="images/elements/cryo/icon.png"
            />
          </span>
          <img
            alt="chongyun"
            class="MuiImageListItem-img characterImage w-full h-full truncate"
            loading="lazy"
            src="images/characters/chongyun/icon-big.png"
          />
          <div
            class="flex bg-[#e4c179] left-0 right-0 bottom-0 justify-between items-center h-8 px-1 py-2"
          >
            <div
              class="font-bold text-sm text-slate-600 group-hover:text-rose-600"
            >
              Chongyun
            </div>
            <div
              class="font-bold text-xl text-rose-900"
            >
              10
            </div>
          </div>
        </li>
        <li
          class="MuiImageListItem-root MuiImageListItem-standard rounded border-2 border-[#ebe7df] border-solid flex group hover:scale-[1.2] hover:z-10 hover:transition-all hover:cursor-pointer bg-[#9470bb] css-ta95xa-MuiImageListItem-root"
          style="height: 156px; grid-column-end: span 1; grid-row-end: span 1;"
        >
          <span>
            <img
              alt="dendro"
              class="w-8 h-8 absolute right-0"
              src="images/elements/dendro/icon.png"
            />
          </span>
          <img
            alt="collei"
            class="MuiImageListItem-img characterImage w-full h-full truncate"
            loading="lazy"
            src="images/characters/collei/icon-big.png"
          />
          <div
            class="flex bg-[#e4c179] left-0 right-0 bottom-0 justify-between items-center h-8 px-1 py-2"
          >
            <div
              class="font-bold text-sm text-slate-600 group-hover:text-rose-600"
            >
              Collei
            </div>
            <div
              class="font-bold text-xl text-rose-600"
            >
              7
            </div>
          </div>
        </li>
        <li
          class="MuiImageListItem-root MuiImageListItem-standard rounded border-2 border-[#ebe7df] border-solid flex group hover:scale-[1.2] hover:z-10 hover:transition-all hover:cursor-pointer bg-[#c87c24] css-ta95xa-MuiImageListItem-root"
          style="height: 156px; grid-column-end: span 1; grid-row-end: span 1;"
        >
          <span>
            <img
              alt="pyro"
              class="w-8 h-8 absolute right-0"
              src="images/elements/pyro/icon.png"
            />
          </span>
          <img
            alt="diluc"
            class="MuiImageListItem-img characterImage w-full h-full truncate"
            loading="lazy"
            src="images/characters/diluc/icon-big.png"
          />
          <div
            class="flex bg-[#e4c179] left-0 right-0 bottom-0 justify-between items-center h-8 px-1 py-2"
          >
            <div
              class="font-bold text-sm text-slate-600 group-hover:text-rose-600"
            >
              Diluc
            </div>
          </div>
        </li>
        <li
          class="MuiImageListItem-root MuiImageListItem-standard rounded border-2 border-[#ebe7df] border-solid flex group hover:scale-[1.2] hover:z-10 hover:transition-all hover:cursor-pointer bg-[#9470bb] css-ta95xa-MuiImageListItem-root"
          style="height: 156px; grid-column-end: span 1; grid-row-end: span 1;"
        >
          <span>
            <img
              alt="cryo"
              class="w-8 h-8 absolute right-0"
              src="images/elements/cryo/icon.png"
            />
          </span>
          <img
            alt="diona"
            class="MuiImageListItem-img characterImage w-full h-full truncate"
            loading="lazy"
            src="images/characters/diona/icon-big.png"
          />
          <div
            class="flex bg-[#e4c179] left-0 right-0 bottom-0 justify-between items-center h-8 px-1 py-2"
          >
            <div
              class="font-bold text-sm text-slate-600 group-hover:text-rose-600"
            >
              Diona
            </div>
            <div
              class="font-bold text-xl text-rose-600"
            >
              7
            </div>
          </div>
        </li>
        <li
          class="MuiImageListItem-root MuiImageListItem-standard rounded border-2 border-[#ebe7df] border-solid flex group hover:scale-[1.2] hover:z-10 hover:transition-all hover:cursor-pointer bg-[#c87c24] css-ta95xa-MuiImageListItem-root"
          style="height: 156px; grid-column-end: span 1; grid-row-end: span 1;"
        >
          <span>
            <img
              alt="cryo"
              class="w-8 h-8 absolute right-0"
              src="images/elements/cryo/icon.png"
            />
          </span>
          <img
            alt="eula"
            class="MuiImageListItem-img characterImage w-full h-full truncate"
            loading="lazy"
            src="images/characters/eula/icon-big.png"
          />
          <div
            class="flex bg-[#e4c179] left-0 right-0 bottom-0 justify-between items-center h-8 px-1 py-2"
          >
            <div
              class="font-bold text-sm text-slate-600 group-hover:text-rose-600"
            >
              Eula
            </div>
            <div
              class="font-bold text-xl text-rose-900"
            >
              19
            </div>
          </div>
        </li>
        <li
          class="MuiImageListItem-root MuiImageListItem-standard rounded border-2 border-[#ebe7df] border-solid flex group hover:scale-[1.2] hover:z-10 hover:transition-all hover:cursor-pointer bg-[#9470bb] css-ta95xa-MuiImageListItem-root"
          style="height: 156px; grid-column-end: span 1; grid-row-end: span 1;"
        >
          <span>
            <img
              alt="anemo"
              class="w-8 h-8 absolute right-0"
              src="images/elements/anemo/icon.png"
            />
          </span>
          <img
            alt="faruzan"
            class="MuiImageListItem-img characterImage w-full h-full truncate"
            loading="lazy"
            src="images/characters/faruzan/icon-big.png"
          />
          <div
            class="flex bg-[#e4c179] left-0 right-0 bottom-0 justify-between items-center h-8 px-1 py-2"
          >
            <div
              class="font-bold text-sm text-slate-600 group-hover:text-rose-600"
            >
              Faruzan
            </div>
            <div
              class="font-bold text-xl text-lime-300"
            >
              1
            </div>
          </div>
        </li>
        <li
          class="MuiImageListItem-root MuiImageListItem-standard rounded border-2 border-[#ebe7df] border-solid flex group hover:scale-[1.2] hover:z-10 hover:transition-all hover:cursor-pointer bg-[#9470bb] css-ta95xa-MuiImageListItem-root"
          style="height: 156px; grid-column-end: span 1; grid-row-end: span 1;"
        >
          <span>
            <img
              alt="electro"
              class="w-8 h-8 absolute right-0"
              src="images/elements/electro/icon.png"
            />
          </span>
          <img
            alt="fischl"
            class="MuiImageListItem-img characterImage w-full h-full truncate"
            loading="lazy"
            src="images/characters/fischl/icon-big.png"
          />
          <div
            class="flex bg-[#e4c179] left-0 right-0 bottom-0 justify-between items-center h-8 px-1 py-2"
          >
            <div
              class="font-bold text-sm text-slate-600 group-hover:text-rose-600"
            >
              Fischl
            </div>
            <div
              class="font-bold text-xl text-rose-600"
            >
              7
            </div>
          </div>
        </li>
        <li
          class="MuiImageListItem-root MuiImageListItem-standard rounded border-2 border-[#ebe7df] border-solid flex group hover:scale-[1.2] hover:z-10 hover:transition-all hover:cursor-pointer bg-[#c87c24] css-ta95xa-MuiImageListItem-root"
          style="height: 156px; grid-column-end: span 1; grid-row-end: span 1;"
        >
          <span>
            <img
              alt="cryo"
              class="w-8 h-8 absolute right-0"
              src="images/elements/cryo/icon.png"
            />
          </span>
          <img
            alt="ganyu"
            class="MuiImageListItem-img characterImage w-full h-full truncate"
            loading="lazy"
            src="images/characters/ganyu/icon-big.png"
          />
          <div
            class="flex bg-[#e4c179] left-0 right-0 bottom-0 justify-between items-center h-8 px-1 py-2"
          >
            <div
              class="font-bold text-sm text-slate-600 group-hover:text-rose-600"
            >
              Ganyu
            </div>
            <div
              class="font-bold text-xl text-rose-600"
            >
              6
            </div>
          </div>
        </li>
        <li
          class="MuiImageListItem-root MuiImageListItem-standard rounded border-2 border-[#ebe7df] border-solid flex group hover:scale-[1.2] hover:z-10 hover:transition-all hover:cursor-pointer bg-[#9470bb] css-ta95xa-MuiImageListItem-root"
          style="height: 156px; grid-column-end: span 1; grid-row-end: span 1;"
        >
          <span>
            <img
              alt="geo"
              class="w-8 h-8 absolute right-0"
              src="images/elements/geo/icon.png"
            />
          </span>
          <img
            alt="gorou"
            class="MuiImageListItem-img characterImage w-full h-full truncate"
            loading="lazy"
            src="images/characters/gorou/icon-big.png"
          />
          <div
            class="flex bg-[#e4c179] left-0 right-0 bottom-0 justify-between items-center h-8 px-1 py-2"
          >
            <div
              class="font-bold text-sm text-slate-600 group-hover:text-rose-600"
            >
              Gorou
            </div>
            <div
              class="font-bold text-xl text-lime-300"
            >
              1
            </div>
          </div>
        </li>
        <li
          class="MuiImageListItem-root MuiImageListItem-standard rounded border-2 border-[#ebe7df] border-solid flex group hover:scale-[1.2] hover:z-10 hover:transition-all hover:cursor-pointer bg-[#c87c24] css-ta95xa-MuiImageListItem-root"
          style="height: 156px; grid-column-end: span 1; grid-row-end: span 1;"
        >
          <span>
            <img
              alt="pyro"
              class="w-8 h-8 absolute right-0"
              src="images/elements/pyro/icon.png"
            />
          </span>
          <img
            alt="hu-tao"
            class="MuiImageListItem-img characterImage w-full h-full truncate"
            loading="lazy"
            src="images/characters/hu-tao/icon-big.png"
          />
          <div
            class="flex bg-[#e4c179] left-0 right-0 bottom-0 justify-between items-center h-8 px-1 py-2"
          >
            <div
              class="font-bold text-sm text-slate-600 group-hover:text-rose-600"
            >
              Hu Tao
            </div>
            <div
              class="font-bold text-xl text-rose-900"
            >
              20
            </div>
          </div>
        </li>
        <li
          class="MuiImageListItem-root MuiImageListItem-standard rounded border-2 border-[#ebe7df] border-solid flex group hover:scale-[1.2] hover:z-10 hover:transition-all hover:cursor-pointer bg-[#c87c24] css-ta95xa-MuiImageListItem-root"
          style="height: 156px; grid-column-end: span 1; grid-row-end: span 1;"
        >
          <span>
            <img
              alt="anemo"
              class="w-8 h-8 absolute right-0"
              src="images/elements/anemo/icon.png"
            />
          </span>
          <img
            alt="jean"
            class="MuiImageListItem-img characterImage w-full h-full truncate"
            loading="lazy"
            src="images/characters/jean/icon-big.png"
          />
          <div
            class="flex bg-[#e4c179] left-0 right-0 bottom-0 justify-between items-center h-8 px-1 py-2"
          >
            <div
              class="font-bold text-sm text-slate-600 group-hover:text-rose-600"
            >
              Jean
            </div>
          </div>
        </li>
        <li
          class="MuiImageListItem-root MuiImageListItem-standard rounded border-2 border-[#ebe7df] border-solid flex group hover:scale-[1.2] hover:z-10 hover:transition-all hover:cursor-pointer bg-[#9470bb] css-ta95xa-MuiImageListItem-root"
          style="height: 156px; grid-column-end: span 1; grid-row-end: span 1;"
        >
          <span>
            <img
              alt="cryo"
              class="w-8 h-8 absolute right-0"
              src="images/elements/cryo/icon.png"
            />
          </span>
          <img
            alt="kaeya"
            class="MuiImageListItem-img characterImage w-full h-full truncate"
            loading="lazy"
            src="images/characters/kaeya/icon-big.png"
          />
          <div
            class="flex bg-[#e4c179] left-0 right-0 bottom-0 justify-between items-center h-8 px-1 py-2"
          >
            <div
              class="font-bold text-sm text-slate-600 group-hover:text-rose-600"
            >
              Kaeya
            </div>
          </div>
        </li>
        <li
          class="MuiImageListItem-root MuiImageListItem-standard rounded border-2 border-[#ebe7df] border-solid flex group hover:scale-[1.2] hover:z-10 hover:transition-all hover:cursor-pointer bg-[#c87c24] css-ta95xa-MuiImageListItem-root"
          style="height: 156px; grid-column-end: span 1; grid-row-end: span 1;"
        >
          <span>
            <img
              alt="anemo"
              class="w-8 h-8 absolute right-0"
              src="images/elements/anemo/icon.png"
            />
          </span>
          <img
            alt="kazuha"
            class="MuiImageListItem-img characterImage w-full h-full truncate"
            loading="lazy"
            src="images/characters/kazuha/icon-big.png"
          />
          <div
            class="flex bg-[#e4c179] left-0 right-0 bottom-0 justify-between items-center h-8 px-1 py-2"
          >
            <div
              class="font-bold text-sm text-slate-600 group-hover:text-rose-600"
            >
              Kazuha
            </div>
            <div
              class="font-bold text-xl text-rose-600"
            >
              9
            </div>
          </div>
        </li>
        <li
          class="MuiImageListItem-root MuiImageListItem-standard rounded border-2 border-[#ebe7df] border-solid flex group hover:scale-[1.2] hover:z-10 hover:transition-all hover:cursor-pointer bg-[#c87c24] css-ta95xa-MuiImageListItem-root"
          style="height: 156px; grid-column-end: span 1; grid-row-end: span 1;"
        >
          <span>
            <img
              alt="electro"
              class="w-8 h-8 absolute right-0"
              src="images/elements/electro/icon.png"
            />
          </span>
          <img
            alt="keqing"
            class="MuiImageListItem-img characterImage w-full h-full truncate"
            loading="lazy"
            src="images/characters/keqing/icon-big.png"
          />
          <div
            class="flex bg-[#e4c179] left-0 right-0 bottom-0 justify-between items-center h-8 px-1 py-2"
          >
            <div
              class="font-bold text-sm text-slate-600 group-hover:text-rose-600"
            >
              Keqing
            </div>
          </div>
        </li>
        <li
          class="MuiImageListItem-root MuiImageListItem-standard rounded border-2 border-[#ebe7df] border-solid flex group hover:scale-[1.2] hover:z-10 hover:transition-all hover:cursor-pointer bg-[#c87c24] css-ta95xa-MuiImageListItem-root"
          style="height: 156px; grid-column-end: span 1; grid-row-end: span 1;"
        >
          <span>
            <img
              alt="pyro"
              class="w-8 h-8 absolute right-0"
              src="images/elements/pyro/icon.png"
            />
          </span>
          <img
            alt="klee"
            class="MuiImageListItem-img characterImage w-full h-full truncate"
            loading="lazy"
            src="images/characters/klee/icon-big.png"
          />
          <div
            class="flex bg-[#e4c179] left-0 right-0 bottom-0 justify-between items-center h-8 px-1 py-2"
          >
            <div
              class="font-bold text-sm text-slate-600 group-hover:text-rose-600"
            >
              Klee
            </div>
            <div
              class="font-bold text-xl text-rose-600"
            >
              9
            </div>
          </div>
        </li>
        <li
          class="MuiImageListItem-root MuiImageListItem-standard rounded border-2 border-[#ebe7df] border-solid flex group hover:scale-[1.2] hover:z-10 hover:transition-all hover:cursor-pointer bg-[#c87c24] css-ta95xa-MuiImageListItem-root"
          style="height: 156px; grid-column-end: span 1; grid-row-end: span 1;"
        >
          <span>
            <img
              alt="hydro"
              class="w-8 h-8 absolute right-0"
              src="images/elements/hydro/icon.png"
            />
          </span>
          <img
            alt="kokomi"
            class="MuiImageListItem-img characterImage w-full h-full truncate"
            loading="lazy"
            src="images/characters/kokomi/icon-big.png"
          />
          <div
            class="flex bg-[#e4c179] left-0 right-0 bottom-0 justify-between items-center h-8 px-1 py-2"
          >
            <div
              class="font-bold text-sm text-slate-600 group-hover:text-rose-600"
            >
              Kokomi
            </div>
            <div
              class="font-bold text-xl text-rose-600"
            >
              6
            </div>
          </div>
        </li>
        <li
          class="MuiImageListItem-root MuiImageListItem-standard rounded border-2 border-[#ebe7df] border-solid flex group hover:scale-[1.2] hover:z-10 hover:transition-all hover:cursor-pointer bg-[#9470bb] css-ta95xa-MuiImageListItem-root"
          style="height: 156px; grid-column-end: span 1; grid-row-end: span 1;"
        >
          <span>
            <img
              alt="electro"
              class="w-8 h-8 absolute right-0"
              src="images/elements/electro/icon.png"
            />
          </span>
          <img
            alt="kuki-shinobu"
            class="MuiImageListItem-img characterImage w-full h-full truncate"
            loading="lazy"
            src="images/characters/kuki-shinobu/icon-big.png"
          />
          <div
            class="flex bg-[#e4c179] left-0 right-0 bottom-0 justify-between items-center h-8 px-1 py-2"
          >
            <div
              class="font-bold text-sm text-slate-600 group-hover:text-rose-600"
            >
              Kuki Shinobu
            </div>
            <div
              class="font-bold text-xl text-rose-600"
            >
              5
            </div>
          </div>
        </li>
        <li
          class="MuiImageListItem-root MuiImageListItem-standard rounded border-2 border-[#ebe7df] border-solid flex group hover:scale-[1.2] hover:z-10 hover:transition-all hover:cursor-pointer bg-[#9470bb] css-ta95xa-MuiImageListItem-root"
          style="height: 156px; grid-column-end: span 1; grid-row-end: span 1;"
        >
          <span>
            <img
              alt="electro"
              class="w-8 h-8 absolute right-0"
              src="images/elements/electro/icon.png"
            />
          </span>
          <img
            alt="lisa"
            class="MuiImageListItem-img characterImage w-full h-full truncate"
            loading="lazy"
            src="images/characters/lisa/icon-big.png"
          />
          <div
            class="flex bg-[#e4c179] left-0 right-0 bottom-0 justify-between items-center h-8 px-1 py-2"
          >
            <div
              class="font-bold text-sm text-slate-600 group-hover:text-rose-600"
            >
              Lisa
            </div>
          </div>
        </li>
        <li
          class="MuiImageListItem-root MuiImageListItem-standard rounded border-2 border-[#ebe7df] border-solid flex group hover:scale-[1.2] hover:z-10 hover:transition-all hover:cursor-pointer bg-[#c87c24] css-ta95xa-MuiImageListItem-root"
          style="height: 156px; grid-column-end: span 1; grid-row-end: span 1;"
        >
          <span>
            <img
              alt="hydro"
              class="w-8 h-8 absolute right-0"
              src="images/elements/hydro/icon.png"
            />
          </span>
          <img
            alt="mona"
            class="MuiImageListItem-img characterImage w-full h-full truncate"
            loading="lazy"
            src="images/characters/mona/icon-big.png"
          />
          <div
            class="flex bg-[#e4c179] left-0 right-0 bottom-0 justify-between items-center h-8 px-1 py-2"
          >
            <div
              class="font-bold text-sm text-slate-600 group-hover:text-rose-600"
            >
              Mona
            </div>
          </div>
        </li>
        <li
          class="MuiImageListItem-root MuiImageListItem-standard rounded border-2 border-[#ebe7df] border-solid flex group hover:scale-[1.2] hover:z-10 hover:transition-all hover:cursor-pointer bg-[#c87c24] css-ta95xa-MuiImageListItem-root"
          style="height: 156px; grid-column-end: span 1; grid-row-end: span 1;"
        >
          <span>
            <img
              alt="hydro"
              class="w-8 h-8 absolute right-0"
              src="images/elements/hydro/icon.png"
            />
          </span>
          <img
            alt="nilou"
            class="MuiImageListItem-img characterImage w-full h-full truncate"
            loading="lazy"
            src="images/characters/nilou/icon-big.png"
          />
          <div
            class="flex bg-[#e4c179] left-0 right-0 bottom-0 justify-between items-center h-8 px-1 py-2"
          >
            <div
              class="font-bold text-sm text-slate-600 group-hover:text-rose-600"
            >
              Nilou
            </div>
            <div
              class="font-bold text-xl text-rose-600"
            >
              4
            </div>
          </div>
        </li>
        <li
          class="MuiImageListItem-root MuiImageListItem-standard rounded border-2 border-[#ebe7df] border-solid flex group hover:scale-[1.2] hover:z-10 hover:transition-all hover:cursor-pointer bg-[#9470bb] css-ta95xa-MuiImageListItem-root"
          style="height: 156px; grid-column-end: span 1; grid-row-end: span 1;"
        >
          <span>
            <img
              alt="geo"
              class="w-8 h-8 absolute right-0"
              src="images/elements/geo/icon.png"
            />
          </span>
          <img
            alt="ningguang"
            class="MuiImageListItem-img characterImage w-full h-full truncate"
            loading="lazy"
            src="images/characters/ningguang/icon-big.png"
          />
          <div
            class="flex bg-[#e4c179] left-0 right-0 bottom-0 justify-between items-center h-8 px-1 py-2"
          >
            <div
              class="font-bold text-sm text-slate-600 group-hover:text-rose-600"
            >
              Ningguang
            </div>
            <div
              class="font-bold text-xl text-rose-600"
            >
              9
            </div>
          </div>
        </li>
        <li
          class="MuiImageListItem-root MuiImageListItem-standard rounded border-2 border-[#ebe7df] border-solid flex group hover:scale-[1.2] hover:z-10 hover:transition-all hover:cursor-pointer bg-[#9470bb] css-ta95xa-MuiImageListItem-root"
          style="height: 156px; grid-column-end: span 1; grid-row-end: span 1;"
        >
          <span>
            <img
              alt="geo"
              class="w-8 h-8 absolute right-0"
              src="images/elements/geo/icon.png"
            />
          </span>
          <img
            alt="noelle"
            class="MuiImageListItem-img characterImage w-full h-full truncate"
            loading="lazy"
            src="images/characters/noelle/icon-big.png"
          />
          <div
            class="flex bg-[#e4c179] left-0 right-0 bottom-0 justify-between items-center h-8 px-1 py-2"
          >
            <div
              class="font-bold text-sm text-slate-600 group-hover:text-rose-600"
            >
              Noelle
            </div>
            <div
              class="font-bold text-xl text-lime-300"
            >
              3
            </div>
          </div>
        </li>
        <li
          class="MuiImageListItem-root MuiImageListItem-standard rounded border-2 border-[#ebe7df] border-solid flex group hover:scale-[1.2] hover:z-10 hover:transition-all hover:cursor-pointer bg-[#c87c24] css-ta95xa-MuiImageListItem-root"
          style="height: 156px; grid-column-end: span 1; grid-row-end: span 1;"
        >
          <span>
            <img
              alt="cryo"
              class="w-8 h-8 absolute right-0"
              src="images/elements/cryo/icon.png"
            />
          </span>
          <img
            alt="qiqi"
            class="MuiImageListItem-img characterImage w-full h-full truncate"
            loading="lazy"
            src="images/characters/qiqi/icon-big.png"
          />
          <div
            class="flex bg-[#e4c179] left-0 right-0 bottom-0 justify-between items-center h-8 px-1 py-2"
          >
            <div
              class="font-bold text-sm text-slate-600 group-hover:text-rose-600"
            >
              Qiqi
            </div>
          </div>
        </li>
        <li
          class="MuiImageListItem-root MuiImageListItem-standard rounded border-2 border-[#ebe7df] border-solid flex group hover:scale-[1.2] hover:z-10 hover:transition-all hover:cursor-pointer bg-[#c87c24] css-ta95xa-MuiImageListItem-root"
          style="height: 156px; grid-column-end: span 1; grid-row-end: span 1;"
        >
          <span>
            <img
              alt="electro"
              class="w-8 h-8 absolute right-0"
              src="images/elements/electro/icon.png"
            />
          </span>
          <img
            alt="raiden"
            class="MuiImageListItem-img characterImage w-full h-full truncate"
            loading="lazy"
            src="images/characters/raiden/icon-big.png"
          />
          <div
            class="flex bg-[#e4c179] left-0 right-0 bottom-0 justify-between items-center h-8 px-1 py-2"
          >
            <div
              class="font-bold text-sm text-slate-600 group-hover:text-rose-600"
            >
              Raiden
            </div>
            <div
              class="font-bold text-xl text-green-600 text-lime-300"
            >
              0
            </div>
          </div>
        </li>
        <li
          class="MuiImageListItem-root MuiImageListItem-standard rounded border-2 border-[#ebe7df] border-solid flex group hover:scale-[1.2] hover:z-10 hover:transition-all hover:cursor-pointer bg-[#9470bb] css-ta95xa-MuiImageListItem-root"
          style="height: 156px; grid-column-end: span 1; grid-row-end: span 1;"
        >
          <span>
            <img
              alt="electro"
              class="w-8 h-8 absolute right-0"
              src="images/elements/electro/icon.png"
            />
          </span>
          <img
            alt="razor"
            class="MuiImageListItem-img characterImage w-full h-full truncate"
            loading="lazy"
            src="images/characters/razor/icon-big.png"
          />
          <div
            class="flex bg-[#e4c179] left-0 right-0 bottom-0 justify-between items-center h-8 px-1 py-2"
          >
            <div
              class="font-bold text-sm text-slate-600 group-hover:text-rose-600"
            >
              Razor
            </div>
            <div
              class="font-bold text-xl text-lime-300"
            >
              3
            </div>
          </div>
        </li>
        <li
          class="MuiImageListItem-root MuiImageListItem-standard rounded border-2 border-[#ebe7df] border-solid flex group hover:scale-[1.2] hover:z-10 hover:transition-all hover:cursor-pointer bg-[#9470bb] css-ta95xa-MuiImageListItem-root"
          style="height: 156px; grid-column-end: span 1; grid-row-end: span 1;"
        >
          <span>
            <img
              alt="cryo"
              class="w-8 h-8 absolute right-0"
              src="images/elements/cryo/icon.png"
            />
          </span>
          <img
            alt="rosaria"
            class="MuiImageListItem-img characterImage w-full h-full truncate"
            loading="lazy"
            src="images/characters/rosaria/icon-big.png"
          />
          <div
            class="flex bg-[#e4c179] left-0 right-0 bottom-0 justify-between items-center h-8 px-1 py-2"
          >
            <div
              class="font-bold text-sm text-slate-600 group-hover:text-rose-600"
            >
              Rosaria
            </div>
            <div
              class="font-bold text-xl text-green-600 text-lime-300"
            >
              0
            </div>
          </div>
        </li>
        <li
          class="MuiImageListItem-root MuiImageListItem-standard rounded border-2 border-[#ebe7df] border-solid flex group hover:scale-[1.2] hover:z-10 hover:transition-all hover:cursor-pointer bg-[#9470bb] css-ta95xa-MuiImageListItem-root"
          style="height: 156px; grid-column-end: span 1; grid-row-end: span 1;"
        >
          <span>
            <img
              alt="electro"
              class="w-8 h-8 absolute right-0"
              src="images/elements/electro/icon.png"
            />
          </span>
          <img
            alt="kujou-sara"
            class="MuiImageListItem-img characterImage w-full h-full truncate"
            loading="lazy"
            src="images/characters/kujou-sara/icon-big.png"
          />
          <div
            class="flex bg-[#e4c179] left-0 right-0 bottom-0 justify-between items-center h-8 px-1 py-2"
          >
            <div
              class="font-bold text-sm text-slate-600 group-hover:text-rose-600"
            >
              Kujou Sara
            </div>
            <div
              class="font-bold text-xl text-green-600 text-lime-300"
            >
              0
            </div>
          </div>
        </li>
        <li
          class="MuiImageListItem-root MuiImageListItem-standard rounded border-2 border-[#ebe7df] border-solid flex group hover:scale-[1.2] hover:z-10 hover:transition-all hover:cursor-pointer bg-[#9470bb] css-ta95xa-MuiImageListItem-root"
          style="height: 156px; grid-column-end: span 1; grid-row-end: span 1;"
        >
          <span>
            <img
              alt="anemo"
              class="w-8 h-8 absolute right-0"
              src="images/elements/anemo/icon.png"
            />
          </span>
          <img
            alt="sayu"
            class="MuiImageListItem-img characterImage w-full h-full truncate"
            loading="lazy"
            src="images/characters/sayu/icon-big.png"
          />
          <div
            class="flex bg-[#e4c179] left-0 right-0 bottom-0 justify-between items-center h-8 px-1 py-2"
          >
            <div
              class="font-bold text-sm text-slate-600 group-hover:text-rose-600"
            >
              Sayu
            </div>
            <div
              class="font-bold text-xl text-green-600 text-lime-300"
            >
              0
            </div>
          </div>
        </li>
        <li
          class="MuiImageListItem-root MuiImageListItem-standard rounded border-2 border-[#ebe7df] border-solid flex group hover:scale-[1.2] hover:z-10 hover:transition-all hover:cursor-pointer bg-[#c87c24] css-ta95xa-MuiImageListItem-root"
          style="height: 156px; grid-column-end: span 1; grid-row-end: span 1;"
        >
          <span>
            <img
              alt="cryo"
              class="w-8 h-8 absolute right-0"
              src="images/elements/cryo/icon.png"
            />
          </span>
          <img
            alt="shenhe"
            class="MuiImageListItem-img characterImage w-full h-full truncate"
            loading="lazy"
            src="images/characters/shenhe/icon-big.png"
          />
          <div
            class="flex bg-[#e4c179] left-0 right-0 bottom-0 justify-between items-center h-8 px-1 py-2"
          >
            <div
              class="font-bold text-sm text-slate-600 group-hover:text-rose-600"
            >
              Shenhe
            </div>
            <div
              class="font-bold text-xl text-rose-900"
            >
              17
            </div>
          </div>
        </li>
        <li
          class="MuiImageListItem-root MuiImageListItem-standard rounded border-2 border-[#ebe7df] border-solid flex group hover:scale-[1.2] hover:z-10 hover:transition-all hover:cursor-pointer bg-[#9470bb] css-ta95xa-MuiImageListItem-root"
          style="height: 156px; grid-column-end: span 1; grid-row-end: span 1;"
        >
          <span>
            <img
              alt="anemo"
              class="w-8 h-8 absolute right-0"
              src="images/elements/anemo/icon.png"
            />
          </span>
          <img
            alt="shikanoin-heizou"
            class="MuiImageListItem-img characterImage w-full h-full truncate"
            loading="lazy"
            src="images/characters/shikanoin-heizou/icon-big.png"
          />
          <div
            class="flex bg-[#e4c179] left-0 right-0 bottom-0 justify-between items-center h-8 px-1 py-2"
          >
            <div
              class="font-bold text-sm text-slate-600 group-hover:text-rose-600"
            >
              Shikanoin Heizou
            </div>
            <div
              class="font-bold text-xl text-lime-300"
            >
              2
            </div>
          </div>
        </li>
        <li
          class="MuiImageListItem-root MuiImageListItem-standard rounded border-2 border-[#ebe7df] border-solid flex group hover:scale-[1.2] hover:z-10 hover:transition-all hover:cursor-pointer bg-[#9470bb] css-ta95xa-MuiImageListItem-root"
          style="height: 156px; grid-column-end: span 1; grid-row-end: span 1;"
        >
          <span>
            <img
              alt="anemo"
              class="w-8 h-8 absolute right-0"
              src="images/elements/anemo/icon.png"
            />
          </span>
          <img
            alt="sucrose"
            class="MuiImageListItem-img characterImage w-full h-full truncate"
            loading="lazy"
            src="images/characters/sucrose/icon-big.png"
          />
          <div
            class="flex bg-[#e4c179] left-0 right-0 bottom-0 justify-between items-center h-8 px-1 py-2"
          >
            <div
              class="font-bold text-sm text-slate-600 group-hover:text-rose-600"
            >
              Sucrose
            </div>
            <div
              class="font-bold text-xl text-rose-600"
            >
              6
            </div>
          </div>
        </li>
        <li
          class="MuiImageListItem-root MuiImageListItem-standard rounded border-2 border-[#ebe7df] border-solid flex group hover:scale-[1.2] hover:z-10 hover:transition-all hover:cursor-pointer bg-[#c87c24] css-ta95xa-MuiImageListItem-root"
          style="height: 156px; grid-column-end: span 1; grid-row-end: span 1;"
        >
          <span>
            <img
              alt="hydro"
              class="w-8 h-8 absolute right-0"
              src="images/elements/hydro/icon.png"
            />
          </span>
          <img
            alt="tartaglia"
            class="MuiImageListItem-img characterImage w-full h-full truncate"
            loading="lazy"
            src="images/characters/tartaglia/icon-big.png"
          />
          <div
            class="flex bg-[#e4c179] left-0 right-0 bottom-0 justify-between items-center h-8 px-1 py-2"
          >
            <div
              class="font-bold text-sm text-slate-600 group-hover:text-rose-600"
            >
              Tartaglia
            </div>
            <div
              class="font-bold text-xl text-lime-300"
            >
              2
            </div>
          </div>
        </li>
        <li
          class="MuiImageListItem-root MuiImageListItem-standard rounded border-2 border-[#ebe7df] border-solid flex group hover:scale-[1.2] hover:z-10 hover:transition-all hover:cursor-pointer bg-[#9470bb] css-ta95xa-MuiImageListItem-root"
          style="height: 156px; grid-column-end: span 1; grid-row-end: span 1;"
        >
          <span>
            <img
              alt="pyro"
              class="w-8 h-8 absolute right-0"
              src="images/elements/pyro/icon.png"
            />
          </span>
          <img
            alt="thoma"
            class="MuiImageListItem-img characterImage w-full h-full truncate"
            loading="lazy"
            src="images/characters/thoma/icon-big.png"
          />
          <div
            class="flex bg-[#e4c179] left-0 right-0 bottom-0 justify-between items-center h-8 px-1 py-2"
          >
            <div
              class="font-bold text-sm text-slate-600 group-hover:text-rose-600"
            >
              Thoma
            </div>
            <div
              class="font-bold text-xl text-lime-300"
            >
              2
            </div>
          </div>
        </li>
        <li
          class="MuiImageListItem-root MuiImageListItem-standard rounded border-2 border-[#ebe7df] border-solid flex group hover:scale-[1.2] hover:z-10 hover:transition-all hover:cursor-pointer bg-[#c87c24] css-ta95xa-MuiImageListItem-root"
          style="height: 156px; grid-column-end: span 1; grid-row-end: span 1;"
        >
          <span>
            <img
              alt="dendro"
              class="w-8 h-8 absolute right-0"
              src="images/elements/dendro/icon.png"
            />
          </span>
          <img
            alt="tighnari"
            class="MuiImageListItem-img characterImage w-full h-full truncate"
            loading="lazy"
            src="images/characters/tighnari/icon-big.png"
          />
          <div
            class="flex bg-[#e4c179] left-0 right-0 bottom-0 justify-between items-center h-8 px-1 py-2"
          >
            <div
              class="font-bold text-sm text-slate-600 group-hover:text-rose-600"
            >
              Tighnari
            </div>
            <div
              class="font-bold text-xl text-rose-600"
            >
              7
            </div>
          </div>
        </li>
        <li
          class="MuiImageListItem-root MuiImageListItem-standard rounded border-2 border-[#ebe7df] border-solid flex group hover:scale-[1.2] hover:z-10 hover:transition-all hover:cursor-pointer bg-[#c87c24] css-ta95xa-MuiImageListItem-root"
          style="height: 156px; grid-column-end: span 1; grid-row-end: span 1;"
        >
          <span>
            <img
              alt="anemo"
              class="w-8 h-8 absolute right-0"
              src="images/elements/anemo/icon.png"
            />
          </span>
          <img
            alt="venti"
            class="MuiImageListItem-img characterImage w-full h-full truncate"
            loading="lazy"
            src="images/characters/venti/icon-big.png"
          />
          <div
            class="flex bg-[#e4c179] left-0 right-0 bottom-0 justify-between items-center h-8 px-1 py-2"
          >
            <div
              class="font-bold text-sm text-slate-600 group-hover:text-rose-600"
            >
              Venti
            </div>
            <div
              class="font-bold text-xl text-rose-600"
            >
              5
            </div>
          </div>
        </li>
        <li
          class="MuiImageListItem-root MuiImageListItem-standard rounded border-2 border-[#ebe7df] border-solid flex group hover:scale-[1.2] hover:z-10 hover:transition-all hover:cursor-pointer bg-[#c87c24] css-ta95xa-MuiImageListItem-root"
          style="height: 156px; grid-column-end: span 1; grid-row-end: span 1;"
        >
          <span>
            <img
              alt="anemo"
              class="w-8 h-8 absolute right-0"
              src="images/elements/anemo/icon.png"
            />
          </span>
          <img
            alt="wanderer"
            class="MuiImageListItem-img characterImage w-full h-full truncate"
            loading="lazy"
            src="images/characters/wanderer/icon-big.png"
          />
          <div
            class="flex bg-[#e4c179] left-0 right-0 bottom-0 justify-between items-center h-8 px-1 py-2"
          >
            <div
              class="font-bold text-sm text-slate-600 group-hover:text-rose-600"
            >
              Wanderer
            </div>
            <div
              class="font-bold text-xl text-lime-300"
            >
              1
            </div>
          </div>
        </li>
        <li
          class="MuiImageListItem-root MuiImageListItem-standard rounded border-2 border-[#ebe7df] border-solid flex group hover:scale-[1.2] hover:z-10 hover:transition-all hover:cursor-pointer bg-[#9470bb] css-ta95xa-MuiImageListItem-root"
          style="height: 156px; grid-column-end: span 1; grid-row-end: span 1;"
        >
          <span>
            <img
              alt="pyro"
              class="w-8 h-8 absolute right-0"
              src="images/elements/pyro/icon.png"
            />
          </span>
          <img
            alt="xiangling"
            class="MuiImageListItem-img characterImage w-full h-full truncate"
            loading="lazy"
            src="images/characters/xiangling/icon-big.png"
          />
          <div
            class="flex bg-[#e4c179] left-0 right-0 bottom-0 justify-between items-center h-8 px-1 py-2"
          >
            <div
              class="font-bold text-sm text-slate-600 group-hover:text-rose-600"
            >
              Xiangling
            </div>
            <div
              class="font-bold text-xl text-rose-600"
            >
              4
            </div>
          </div>
        </li>
        <li
          class="MuiImageListItem-root MuiImageListItem-standard rounded border-2 border-[#ebe7df] border-solid flex group hover:scale-[1.2] hover:z-10 hover:transition-all hover:cursor-pointer bg-[#c87c24] css-ta95xa-MuiImageListItem-root"
          style="height: 156px; grid-column-end: span 1; grid-row-end: span 1;"
        >
          <span>
            <img
              alt="anemo"
              class="w-8 h-8 absolute right-0"
              src="images/elements/anemo/icon.png"
            />
          </span>
          <img
            alt="xiao"
            class="MuiImageListItem-img characterImage w-full h-full truncate"
            loading="lazy"
            src="images/characters/xiao/icon-big.png"
          />
          <div
            class="flex bg-[#e4c179] left-0 right-0 bottom-0 justify-between items-center h-8 px-1 py-2"
          >
            <div
              class="font-bold text-sm text-slate-600 group-hover:text-rose-600"
            >
              Xiao
            </div>
            <div
              class="font-bold text-xl text-rose-900"
            >
              11
            </div>
          </div>
        </li>
        <li
          class="MuiImageListItem-root MuiImageListItem-standard rounded border-2 border-[#ebe7df] border-solid flex group hover:scale-[1.2] hover:z-10 hover:transition-all hover:cursor-pointer bg-[#9470bb] css-ta95xa-MuiImageListItem-root"
          style="height: 156px; grid-column-end: span 1; grid-row-end: span 1;"
        >
          <span>
            <img
              alt="hydro"
              class="w-8 h-8 absolute right-0"
              src="images/elements/hydro/icon.png"
            />
          </span>
          <img
            alt="xingqiu"
            class="MuiImageListItem-img characterImage w-full h-full truncate"
            loading="lazy"
            src="images/characters/xingqiu/icon-big.png"
          />
          <div
            class="flex bg-[#e4c179] left-0 right-0 bottom-0 justify-between items-center h-8 px-1 py-2"
          >
            <div
              class="font-bold text-sm text-slate-600 group-hover:text-rose-600"
            >
              Xingqiu
            </div>
            <div
              class="font-bold text-xl text-rose-600"
            >
              6
            </div>
          </div>
        </li>
        <li
          class="MuiImageListItem-root MuiImageListItem-standard rounded border-2 border-[#ebe7df] border-solid flex group hover:scale-[1.2] hover:z-10 hover:transition-all hover:cursor-pointer bg-[#9470bb] css-ta95xa-MuiImageListItem-root"
          style="height: 156px; grid-column-end: span 1; grid-row-end: span 1;"
        >
          <span>
            <img
              alt="pyro"
              class="w-8 h-8 absolute right-0"
              src="images/elements/pyro/icon.png"
            />
          </span>
          <img
            alt="xinyan"
            class="MuiImageListItem-img characterImage w-full h-full truncate"
            loading="lazy"
            src="images/characters/xinyan/icon-big.png"
          />
          <div
            class="flex bg-[#e4c179] left-0 right-0 bottom-0 justify-between items-center h-8 px-1 py-2"
          >
            <div
              class="font-bold text-sm text-slate-600 group-hover:text-rose-600"
            >
              Xinyan
            </div>
            <div
              class="font-bold text-xl text-rose-600"
            >
              8
            </div>
          </div>
        </li>
        <li
          class="MuiImageListItem-root MuiImageListItem-standard rounded border-2 border-[#ebe7df] border-solid flex group hover:scale-[1.2] hover:z-10 hover:transition-all hover:cursor-pointer bg-[#c87c24] css-ta95xa-MuiImageListItem-root"
          style="height: 156px; grid-column-end: span 1; grid-row-end: span 1;"
        >
          <span>
            <img
              alt="electro"
              class="w-8 h-8 absolute right-0"
              src="images/elements/electro/icon.png"
            />
          </span>
          <img
            alt="yae-miko"
            class="MuiImageListItem-img characterImage w-full h-full truncate"
            loading="lazy"
            src="images/characters/yae-miko/icon-big.png"
          />
          <div
            class="flex bg-[#e4c179] left-0 right-0 bottom-0 justify-between items-center h-8 px-1 py-2"
          >
            <div
              class="font-bold text-sm text-slate-600 group-hover:text-rose-600"
            >
              Yae Miko
            </div>
            <div
              class="font-bold text-xl text-lime-300"
            >
              2
            </div>
          </div>
        </li>
        <li
          class="MuiImageListItem-root MuiImageListItem-standard rounded border-2 border-[#ebe7df] border-solid flex group hover:scale-[1.2] hover:z-10 hover:transition-all hover:cursor-pointer bg-[#9470bb] css-ta95xa-MuiImageListItem-root"
          style="height: 156px; grid-column-end: span 1; grid-row-end: span 1;"
        >
          <span>
            <img
              alt="pyro"
              class="w-8 h-8 absolute right-0"
              src="images/elements/pyro/icon.png"
            />
          </span>
          <img
            alt="yanfei"
            class="MuiImageListItem-img characterImage w-full h-full truncate"
            loading="lazy"
            src="images/characters/yanfei/icon-big.png"
          />
          <div
            class="flex bg-[#e4c179] left-0 right-0 bottom-0 justify-between items-center h-8 px-1 py-2"
          >
            <div
              class="font-bold text-sm text-slate-600 group-hover:text-rose-600"
            >
              Yanfei
            </div>
            <div
              class="font-bold text-xl text-lime-300"
            >
              1
            </div>
          </div>
        </li>
        <li
          class="MuiImageListItem-root MuiImageListItem-standard rounded border-2 border-[#ebe7df] border-solid flex group hover:scale-[1.2] hover:z-10 hover:transition-all hover:cursor-pointer bg-[#c87c24] css-ta95xa-MuiImageListItem-root"
          style="height: 156px; grid-column-end: span 1; grid-row-end: span 1;"
        >
          <span>
            <img
              alt="hydro"
              class="w-8 h-8 absolute right-0"
              src="images/elements/hydro/icon.png"
            />
          </span>
          <img
            alt="yelan"
            class="MuiImageListItem-img characterImage w-full h-full truncate"
            loading="lazy"
            src="images/characters/yelan/icon-big.png"
          />
          <div
            class="flex bg-[#e4c179] left-0 right-0 bottom-0 justify-between items-center h-8 px-1 py-2"
          >
            <div
              class="font-bold text-sm text-slate-600 group-hover:text-rose-600"
            >
              Yelan
            </div>
            <div
              class="font-bold text-xl text-rose-900"
            >
              11
            </div>
          </div>
        </li>
        <li
          class="MuiImageListItem-root MuiImageListItem-standard rounded border-2 border-[#ebe7df] border-solid flex group hover:scale-[1.2] hover:z-10 hover:transition-all hover:cursor-pointer bg-[#c87c24] css-ta95xa-MuiImageListItem-root"
          style="height: 156px; grid-column-end: span 1; grid-row-end: span 1;"
        >
          <span>
            <img
              alt="pyro"
              class="w-8 h-8 absolute right-0"
              src="images/elements/pyro/icon.png"
            />
          </span>
          <img
            alt="yoimiya"
            class="MuiImageListItem-img characterImage w-full h-full truncate"
            loading="lazy"
            src="images/characters/yoimiya/icon-big.png"
          />
          <div
            class="flex bg-[#e4c179] left-0 right-0 bottom-0 justify-between items-center h-8 px-1 py-2"
          >
            <div
              class="font-bold text-sm text-slate-600 group-hover:text-rose-600"
            >
              Yoimiya
            </div>
            <div
              class="font-bold text-xl text-lime-300"
            >
              3
            </div>
          </div>
        </li>
        <li
          class="MuiImageListItem-root MuiImageListItem-standard rounded border-2 border-[#ebe7df] border-solid flex group hover:scale-[1.2] hover:z-10 hover:transition-all hover:cursor-pointer bg-[#9470bb] css-ta95xa-MuiImageListItem-root"
          style="height: 156px; grid-column-end: span 1; grid-row-end: span 1;"
        >
          <span>
            <img
              alt="geo"
              class="w-8 h-8 absolute right-0"
              src="images/elements/geo/icon.png"
            />
          </span>
          <img
            alt="yun-jin"
            class="MuiImageListItem-img characterImage w-full h-full truncate"
            loading="lazy"
            src="images/characters/yun-jin/icon-big.png"
          />
          <div
            class="flex bg-[#e4c179] left-0 right-0 bottom-0 justify-between items-center h-8 px-1 py-2"
          >
            <div
              class="font-bold text-sm text-slate-600 group-hover:text-rose-600"
            >
              Yun Jin
            </div>
            <div
              class="font-bold text-xl text-rose-600"
            >
              8
            </div>
          </div>
        </li>
        <li
          class="MuiImageListItem-root MuiImageListItem-standard rounded border-2 border-[#ebe7df] border-solid flex group hover:scale-[1.2] hover:z-10 hover:transition-all hover:cursor-pointer bg-[#c87c24] css-ta95xa-MuiImageListItem-root"
          style="height: 156px; grid-column-end: span 1; grid-row-end: span 1;"
        >
          <span>
            <img
              alt="geo"
              class="w-8 h-8 absolute right-0"
              src="images/elements/geo/icon.png"
            />
          </span>
          <img
            alt="zhongli"
            class="MuiImageListItem-img characterImage w-full h-full truncate"
            loading="lazy"
            src="images/characters/zhongli/icon-big.png"
          />
          <div
            class="flex bg-[#e4c179] left-0 right-0 bottom-0 justify-between items-center h-8 px-1 py-2"
          >
            <div
              class="font-bold text-sm text-slate-600 group-hover:text-rose-600"
            >
              Zhongli
            </div>
            <div
              class="font-bold text-xl text-rose-600"
            >
              7
            </div>
          </div>
        </li>
      </ul>
    </div>
  </div>
</div>
`;
