// Vitest Snapshot v1

exports[`FilterElements test > FilterElements load 1`] = `
<div>
  <div
    class="flex flex-wrap w-44 p-2 mt-2 justify-center"
  >
    <button
      class="flex justify-around items-center bg-amber-700 border border-amber-200 rounded basis-9 m-[2px]"
      id="anemo"
      name="elementFilter"
      type="button"
    >
       
      <img
        alt="anemo"
        class="w-9 h-9"
        src="elements/anemo.png"
      />
    </button>
    <button
      class="flex justify-around items-center bg-amber-700 border border-amber-200 rounded basis-9 m-[2px]"
      id="cryo"
      name="elementFilter"
      type="button"
    >
       
      <img
        alt="cryo"
        class="w-9 h-9"
        src="elements/cryo.png"
      />
    </button>
    <button
      class="flex justify-around items-center bg-amber-700 border border-amber-200 rounded basis-9 m-[2px]"
      id="dendro"
      name="elementFilter"
      type="button"
    >
       
      <img
        alt="dendro"
        class="w-9 h-9"
        src="elements/dendro.png"
      />
    </button>
    <button
      class="flex justify-around items-center bg-amber-700 border border-amber-200 rounded basis-9 m-[2px]"
      id="electro"
      name="elementFilter"
      type="button"
    >
       
      <img
        alt="electro"
        class="w-9 h-9"
        src="elements/electro.png"
      />
    </button>
    <button
      class="flex justify-around items-center bg-amber-700 border border-amber-200 rounded basis-9 m-[2px]"
      id="geo"
      name="elementFilter"
      type="button"
    >
       
      <img
        alt="geo"
        class="w-9 h-9"
        src="elements/geo.png"
      />
    </button>
    <button
      class="flex justify-around items-center bg-amber-700 border border-amber-200 rounded basis-9 m-[2px]"
      id="hydro"
      name="elementFilter"
      type="button"
    >
       
      <img
        alt="hydro"
        class="w-9 h-9"
        src="elements/hydro.png"
      />
    </button>
    <button
      class="flex justify-around items-center bg-amber-700 border border-amber-200 rounded basis-9 m-[2px]"
      id="pyro"
      name="elementFilter"
      type="button"
    >
       
      <img
        alt="pyro"
        class="w-9 h-9"
        src="elements/pyro.png"
      />
    </button>
  </div>
</div>
`;
